[    0.000000] Linux version 4.15.0-88-generic (buildd@lgw01-amd64-036) (gcc version 7.4.0 (Ubuntu 7.4.0-1ubuntu1~18.04.1)) #88-Ubuntu SMP Tue Feb 11 20:11:34 UTC 2020 (Ubuntu 4.15.0-88.88-generic 4.15.18)
[    0.000000] Command line: BOOT_IMAGE=/boot/vmlinuz-4.15.0-88-generic root=UUID=06939aff-ebbb-404e-af75-c50f2c650070 ro console=tty1 console=ttyS0
[    0.000000] KERNEL supported cpus:
[    0.000000]   Intel GenuineIntel
[    0.000000]   AMD AuthenticAMD
[    0.000000]   Centaur CentaurHauls
[    0.000000] x86/fpu: Supporting XSAVE feature 0x001: 'x87 floating point registers'
[    0.000000] x86/fpu: Supporting XSAVE feature 0x002: 'SSE registers'
[    0.000000] x86/fpu: Supporting XSAVE feature 0x004: 'AVX registers'
[    0.000000] x86/fpu: xstate_offset[2]:  576, xstate_sizes[2]:  256
[    0.000000] x86/fpu: Enabled xstate features 0x7, context size is 832 bytes, using 'standard' format.
[    0.000000] e820: BIOS-provided physical RAM map:
[    0.000000] BIOS-e820: [mem 0x0000000000000000-0x000000000009fbff] usable
[    0.000000] BIOS-e820: [mem 0x000000000009fc00-0x000000000009ffff] reserved
[    0.000000] BIOS-e820: [mem 0x00000000000f0000-0x00000000000fffff] reserved
[    0.000000] BIOS-e820: [mem 0x0000000000100000-0x000000003ffeffff] usable
[    0.000000] BIOS-e820: [mem 0x000000003fff0000-0x000000003fffffff] ACPI data
[    0.000000] BIOS-e820: [mem 0x00000000fec00000-0x00000000fec00fff] reserved
[    0.000000] BIOS-e820: [mem 0x00000000fee00000-0x00000000fee00fff] reserved
[    0.000000] BIOS-e820: [mem 0x00000000fffc0000-0x00000000ffffffff] reserved
[    0.000000] NX (Execute Disable) protection: active
[    0.000000] SMBIOS 2.5 present.
[    0.000000] DMI: innotek GmbH VirtualBox/VirtualBox, BIOS VirtualBox 12/01/2006
[    0.000000] Hypervisor detected: KVM
[    0.000000] e820: last_pfn = 0x3fff0 max_arch_pfn = 0x400000000
[    0.000000] MTRR: Disabled
[    0.000000] x86/PAT: MTRRs disabled, skipping PAT initialization too.
[    0.000000] CPU MTRRs all blank - virtualized system.
[    0.000000] x86/PAT: Configuration [0-7]: WB  WT  UC- UC  WB  WT  UC- UC  
[    0.000000] found SMP MP-table at [mem 0x0009fff0-0x0009ffff]
[    0.000000] Scanning 1 areas for low memory corruption
[    0.000000] RAMDISK: [mem 0x35963000-0x36ca8fff]
[    0.000000] ACPI: Early table checksum verification disabled
[    0.000000] ACPI: RSDP 0x00000000000E0000 000024 (v02 VBOX  )
[    0.000000] ACPI: XSDT 0x000000003FFF0030 00003C (v01 VBOX   VBOXXSDT 00000001 ASL  00000061)
[    0.000000] ACPI: FACP 0x000000003FFF00F0 0000F4 (v04 VBOX   VBOXFACP 00000001 ASL  00000061)
[    0.000000] ACPI: DSDT 0x000000003FFF0470 0022EA (v02 VBOX   VBOXBIOS 00000002 INTL 20100528)
[    0.000000] ACPI: FACS 0x000000003FFF0200 000040
[    0.000000] ACPI: FACS 0x000000003FFF0200 000040
[    0.000000] ACPI: APIC 0x000000003FFF0240 00005C (v02 VBOX   VBOXAPIC 00000001 ASL  00000061)
[    0.000000] ACPI: SSDT 0x000000003FFF02A0 0001CC (v01 VBOX   VBOXCPUT 00000002 INTL 20100528)
[    0.000000] No NUMA configuration found
[    0.000000] Faking a node at [mem 0x0000000000000000-0x000000003ffeffff]
[    0.000000] NODE_DATA(0) allocated [mem 0x3ffc5000-0x3ffeffff]
[    0.000000] kvm-clock: cpu 0, msr 0:3ff44001, primary cpu clock
[    0.000000] kvm-clock: Using msrs 4b564d01 and 4b564d00
[    0.000000] kvm-clock: using sched offset of 7357504387 cycles
[    0.000000] clocksource: kvm-clock: mask: 0xffffffffffffffff max_cycles: 0x1cd42e4dffb, max_idle_ns: 881590591483 ns
[    0.000000] Zone ranges:
[    0.000000]   DMA      [mem 0x0000000000001000-0x0000000000ffffff]
[    0.000000]   DMA32    [mem 0x0000000001000000-0x000000003ffeffff]
[    0.000000]   Normal   empty
[    0.000000]   Device   empty
[    0.000000] Movable zone start for each node
[    0.000000] Early memory node ranges
[    0.000000]   node   0: [mem 0x0000000000001000-0x000000000009efff]
[    0.000000]   node   0: [mem 0x0000000000100000-0x000000003ffeffff]
[    0.000000] Reserved but unavailable: 98 pages
[    0.000000] Initmem setup node 0 [mem 0x0000000000001000-0x000000003ffeffff]
[    0.000000] ACPI: PM-Timer IO Port: 0x4008
[    0.000000] IOAPIC[0]: apic_id 2, version 32, address 0xfec00000, GSI 0-23
[    0.000000] ACPI: INT_SRC_OVR (bus 0 bus_irq 0 global_irq 2 dfl dfl)
[    0.000000] ACPI: INT_SRC_OVR (bus 0 bus_irq 9 global_irq 9 low level)
[    0.000000] Using ACPI (MADT) for SMP configuration information
[    0.000000] smpboot: Allowing 2 CPUs, 0 hotplug CPUs
[    0.000000] PM: Registered nosave memory: [mem 0x00000000-0x00000fff]
[    0.000000] PM: Registered nosave memory: [mem 0x0009f000-0x0009ffff]
[    0.000000] PM: Registered nosave memory: [mem 0x000a0000-0x000effff]
[    0.000000] PM: Registered nosave memory: [mem 0x000f0000-0x000fffff]
[    0.000000] e820: [mem 0x40000000-0xfebfffff] available for PCI devices
[    0.000000] Booting paravirtualized kernel on KVM
[    0.000000] clocksource: refined-jiffies: mask: 0xffffffff max_cycles: 0xffffffff, max_idle_ns: 7645519600211568 ns
[    0.000000] random: get_random_bytes called from start_kernel+0x99/0x4fd with crng_init=0
[    0.000000] setup_percpu: NR_CPUS:8192 nr_cpumask_bits:2 nr_cpu_ids:2 nr_node_ids:1
[    0.000000] percpu: Embedded 45 pages/cpu s147456 r8192 d28672 u1048576
[    0.000000] PV qspinlock hash table entries: 256 (order: 0, 4096 bytes)
[    0.000000] Built 1 zonelists, mobility grouping on.  Total pages: 257913
[    0.000000] Policy zone: DMA32
[    0.000000] Kernel command line: BOOT_IMAGE=/boot/vmlinuz-4.15.0-88-generic root=UUID=06939aff-ebbb-404e-af75-c50f2c650070 ro console=tty1 console=ttyS0
[    0.000000] Memory: 982536K/1048120K available (12300K kernel code, 2481K rwdata, 4264K rodata, 2428K init, 2712K bss, 65584K reserved, 0K cma-reserved)
[    0.000000] SLUB: HWalign=64, Order=0-3, MinObjects=0, CPUs=2, Nodes=1
[    0.000000] Kernel/User page tables isolation: enabled
[    0.000000] ftrace: allocating 39344 entries in 154 pages
[    0.004000] Hierarchical RCU implementation.
[    0.004000] 	RCU restricting CPUs from NR_CPUS=8192 to nr_cpu_ids=2.
[    0.004000] 	Tasks RCU enabled.
[    0.004000] RCU: Adjusting geometry for rcu_fanout_leaf=16, nr_cpu_ids=2
[    0.004000] NR_IRQS: 524544, nr_irqs: 440, preallocated irqs: 16
[    0.004000] Console: colour VGA+ 80x25
[    0.004000] console [tty1] enabled
[    0.004000] console [ttyS0] enabled
[    0.004000] ACPI: Core revision 20170831
[    0.004000] ACPI: 2 ACPI AML tables successfully acquired and loaded
[    0.004000] APIC: Switch to symmetric I/O mode setup
[    0.004000] x2apic enabled
[    0.004000] Switched APIC routing to physical x2apic.
[    0.005720] ..TIMER: vector=0x30 apic1=0 pin1=2 apic2=-1 pin2=-1
[    0.008006] tsc: Detected 1608.000 MHz processor
[    0.009801] Calibrating delay loop (skipped) preset value.. 3216.00 BogoMIPS (lpj=6432000)
[    0.012009] pid_max: default: 32768 minimum: 301
[    0.013960] Security Framework initialized
[    0.016006] Yama: becoming mindful.
[    0.017711] AppArmor: AppArmor initialized
[    0.022540] Dentry cache hash table entries: 131072 (order: 8, 1048576 bytes)
[    0.024078] Inode-cache hash table entries: 65536 (order: 7, 524288 bytes)
[    0.025775] Mount-cache hash table entries: 2048 (order: 2, 16384 bytes)
[    0.028009] Mountpoint-cache hash table entries: 2048 (order: 2, 16384 bytes)
[    0.030112] Last level iTLB entries: 4KB 64, 2MB 8, 4MB 8
[    0.032002] Last level dTLB entries: 4KB 64, 2MB 0, 4MB 0, 1GB 4
[    0.033520] Spectre V1 : Mitigation: usercopy/swapgs barriers and __user pointer sanitization
[    0.036003] Spectre V2 : Mitigation: Full generic retpoline
[    0.037394] Spectre V2 : Spectre v2 / SpectreRSB mitigation: Filling RSB on context switch
[    0.039529] Speculative Store Bypass: Vulnerable
[    0.040052] MDS: Mitigation: Clear CPU buffers
[    0.041341] Freeing SMP alternatives memory: 36K
[    0.154095] smpboot: CPU0: Intel(R) Core(TM) i5-8210Y CPU @ 1.60GHz (family: 0x6, model: 0x8e, stepping: 0x9)
[    0.156000] Performance Events: unsupported p6 CPU model 142 no PMU driver, software events only.
[    0.156098] Hierarchical SRCU implementation.
[    0.160995] NMI watchdog: Perf event create on CPU 0 failed with -2
[    0.163242] NMI watchdog: Perf NMI watchdog permanently disabled
[    0.164102] smp: Bringing up secondary CPUs ...
[    0.168178] x86: Booting SMP configuration:
[    0.169822] .... node  #0, CPUs:      #1
[    0.004000] kvm-clock: cpu 1, msr 0:3ff44041, secondary cpu clock
[    0.175134] smp: Brought up 1 node, 2 CPUs
[    0.176006] smpboot: Max logical packages: 1
[    0.177603] smpboot: Total of 2 processors activated (6432.00 BogoMIPS)
[    0.180145] devtmpfs: initialized
[    0.180944] x86/mm: Memory block size: 128MB
[    0.184145] evm: security.selinux
[    0.185142] evm: security.SMACK64
[    0.185899] evm: security.SMACK64EXEC
[    0.186698] evm: security.SMACK64TRANSMUTE
[    0.187716] evm: security.SMACK64MMAP
[    0.188003] evm: security.apparmor
[    0.188799] evm: security.ima
[    0.189673] evm: security.capability
[    0.192132] clocksource: jiffies: mask: 0xffffffff max_cycles: 0xffffffff, max_idle_ns: 7645041785100000 ns
[    0.194520] futex hash table entries: 512 (order: 3, 32768 bytes)
[    0.197885] pinctrl core: initialized pinctrl subsystem
[    0.200134] RTC time: 22:53:02, date: 03/06/20
[    0.201875] NET: Registered protocol family 16
[    0.203343] audit: initializing netlink subsys (disabled)
[    0.204043] audit: type=2000 audit(1583535191.156:1): state=initialized audit_enabled=0 res=1
[    0.208038] cpuidle: using governor ladder
[    0.209721] cpuidle: using governor menu
[    0.212074] ACPI: bus type PCI registered
[    0.213582] acpiphp: ACPI Hot Plug PCI Controller Driver version: 0.5
[    0.216308] PCI: Using configuration type 1 for base access
[    0.221773] HugeTLB registered 2.00 MiB page size, pre-allocated 0 pages
[    0.224089] ACPI: Added _OSI(Module Device)
[    0.225535] ACPI: Added _OSI(Processor Device)
[    0.226948] ACPI: Added _OSI(3.0 _SCP Extensions)
[    0.228004] ACPI: Added _OSI(Processor Aggregator Device)
[    0.229428] ACPI: Added _OSI(Linux-Dell-Video)
[    0.232011] ACPI: Added _OSI(Linux-Lenovo-NV-HDMI-Audio)
[    0.233915] ACPI: Added _OSI(Linux-HPI-Hybrid-Graphics)
[    0.236471] ACPI: Executed 1 blocks of module-level executable AML code
[    0.248614] ACPI: Interpreter enabled
[    0.250813] ACPI: (supports S0 S5)
[    0.252008] ACPI: Using IOAPIC for interrupt routing
[    0.254012] PCI: Using host bridge windows from ACPI; if necessary, use "pci=nocrs" and report a bug
[    0.256482] ACPI: Enabled 2 GPEs in block 00 to 07
[    0.273741] ACPI: PCI Root Bridge [PCI0] (domain 0000 [bus 00-ff])
[    0.276019] acpi PNP0A03:00: _OSC: OS supports [ASPM ClockPM Segments MSI]
[    0.279183] acpi PNP0A03:00: _OSC: not requesting OS control; OS requires [ExtendedConfig ASPM ClockPM MSI]
[    0.280019] acpi PNP0A03:00: fail to add MMCONFIG information, can't access extended PCI configuration space under this bridge.
[    0.285897] PCI host bridge to bus 0000:00
[    0.288012] pci_bus 0000:00: root bus resource [io  0x0000-0x0cf7 window]
[    0.292006] pci_bus 0000:00: root bus resource [io  0x0d00-0xffff window]
[    0.293662] pci_bus 0000:00: root bus resource [mem 0x000a0000-0x000bffff window]
[    0.296000] pci_bus 0000:00: root bus resource [mem 0x40000000-0xfdffffff window]
[    0.296011] pci_bus 0000:00: root bus resource [bus 00-ff]
[    0.309528] pci 0000:00:01.1: legacy IDE quirk: reg 0x10: [io  0x01f0-0x01f7]
[    0.311803] pci 0000:00:01.1: legacy IDE quirk: reg 0x14: [io  0x03f6]
[    0.312004] pci 0000:00:01.1: legacy IDE quirk: reg 0x18: [io  0x0170-0x0177]
[    0.316005] pci 0000:00:01.1: legacy IDE quirk: reg 0x1c: [io  0x0376]
[    0.360070] pci 0000:00:07.0: quirk: [io  0x4000-0x403f] claimed by PIIX4 ACPI
[    0.362860] pci 0000:00:07.0: quirk: [io  0x4100-0x410f] claimed by PIIX4 SMB
[    0.382355] ACPI: PCI Interrupt Link [LNKA] (IRQs 5 9 10 *11)
[    0.388514] ACPI: PCI Interrupt Link [LNKB] (IRQs 5 9 *10 11)
[    0.390499] ACPI: PCI Interrupt Link [LNKC] (IRQs 5 *9 10 11)
[    0.392264] ACPI: PCI Interrupt Link [LNKD] (IRQs 5 9 10 *11)
[    0.395097] SCSI subsystem initialized
[    0.396084] pci 0000:00:02.0: vgaarb: setting as boot VGA device
[    0.400000] pci 0000:00:02.0: vgaarb: VGA device added: decodes=io+mem,owns=io+mem,locks=none
[    0.400018] pci 0000:00:02.0: vgaarb: bridge control possible
[    0.404005] vgaarb: loaded
[    0.405209] ACPI: bus type USB registered
[    0.408033] usbcore: registered new interface driver usbfs
[    0.409790] usbcore: registered new interface driver hub
[    0.411137] usbcore: registered new device driver usb
[    0.412130] EDAC MC: Ver: 3.0.0
[    0.416729] PCI: Using ACPI for IRQ routing
[    0.418009] NetLabel: Initializing
[    0.420004] NetLabel:  domain hash size = 128
[    0.421226] NetLabel:  protocols = UNLABELED CIPSOv4 CALIPSO
[    0.422767] NetLabel:  unlabeled traffic allowed by default
[    0.424073] clocksource: Switched to clocksource kvm-clock
[    0.446943] VFS: Disk quotas dquot_6.6.0
[    0.449256] VFS: Dquot-cache hash table entries: 512 (order 0, 4096 bytes)
[    0.452283] AppArmor: AppArmor Filesystem Enabled
[    0.454451] pnp: PnP ACPI init
[    0.457225] pnp: PnP ACPI: found 3 devices
[    0.469729] clocksource: acpi_pm: mask: 0xffffff max_cycles: 0xffffff, max_idle_ns: 2085701024 ns
[    0.472025] NET: Registered protocol family 2
[    0.473380] TCP established hash table entries: 8192 (order: 4, 65536 bytes)
[    0.475547] TCP bind hash table entries: 8192 (order: 5, 131072 bytes)
[    0.479761] TCP: Hash tables configured (established 8192 bind 8192)
[    0.482621] UDP hash table entries: 512 (order: 2, 16384 bytes)
[    0.484788] UDP-Lite hash table entries: 512 (order: 2, 16384 bytes)
[    0.486810] NET: Registered protocol family 1
[    0.488354] pci 0000:00:00.0: Limiting direct PCI/PCI transfers
[    0.490826] pci 0000:00:01.0: Activating ISA DMA hang workarounds
[    0.493469] pci 0000:00:02.0: Video device with shadowed ROM at [mem 0x000c0000-0x000dffff]
[    0.496649] Unpacking initramfs...
[    1.252205] Freeing initrd memory: 19736K
[    1.254111] clocksource: tsc: mask: 0xffffffffffffffff max_cycles: 0x172daa3a18b, max_idle_ns: 440795212390 ns
[    1.258460] platform rtc_cmos: registered platform RTC device (no PNP device found)
[    1.263570] Scanning for low memory corruption every 60 seconds
[    1.267275] Initialise system trusted keyrings
[    1.271316] Key type blacklist registered
[    1.273520] workingset: timestamp_bits=36 max_order=18 bucket_order=0
[    1.277325] zbud: loaded
[    1.279298] squashfs: version 4.0 (2009/01/31) Phillip Lougher
[    1.282848] fuse init (API version 7.26)
[    1.288595] Key type asymmetric registered
[    1.290076] Asymmetric key parser 'x509' registered
[    1.292023] Block layer SCSI generic (bsg) driver version 0.4 loaded (major 246)
[    1.295313] io scheduler noop registered
[    1.298344] io scheduler deadline registered
[    1.300276] io scheduler cfq registered (default)
[    1.303677] ACPI: AC Adapter [AC] (on-line)
[    1.305513] input: Power Button as /devices/LNXSYSTM:00/LNXPWRBN:00/input/input0
[    1.307694] ACPI: Power Button [PWRF]
[    1.308966] input: Sleep Button as /devices/LNXSYSTM:00/LNXSLPBN:00/input/input1
[    1.310946] ACPI: Sleep Button [SLPF]
[    1.314157] Serial: 8250/16550 driver, 32 ports, IRQ sharing enabled
[    1.316024] ACPI: Battery Slot [BAT0] (battery present)
[    1.340866] 00:02: ttyS0 at I/O 0x3f8 (irq = 4, base_baud = 115200) is a 16550A
[    1.354539] Linux agpgart interface v0.103
[    1.359766] loop: module loaded
[    1.363573] scsi host0: ata_piix
[    1.365376] scsi host1: ata_piix
[    1.366809] ata1: PATA max UDMA/33 cmd 0x1f0 ctl 0x3f6 bmdma 0xd000 irq 14
[    1.369208] ata2: PATA max UDMA/33 cmd 0x170 ctl 0x376 bmdma 0xd008 irq 15
[    1.372300] libphy: Fixed MDIO Bus: probed
[    1.373919] tun: Universal TUN/TAP device driver, 1.6
[    1.376106] PPP generic driver version 2.4.2
[    1.377536] ehci_hcd: USB 2.0 'Enhanced' Host Controller (EHCI) Driver
[    1.383816] ehci-pci: EHCI PCI platform driver
[    1.385200] ehci-platform: EHCI generic platform driver
[    1.387357] ohci_hcd: USB 1.1 'Open' Host Controller (OHCI) Driver
[    1.391162] ohci-pci: OHCI PCI platform driver
[    1.392930] ohci-platform: OHCI generic platform driver
[    1.396958] uhci_hcd: USB Universal Host Controller Interface driver
[    1.401209] i8042: PNP: PS/2 Controller [PNP0303:PS2K,PNP0f03:PS2M] at 0x60,0x64 irq 1,12
[    1.405249] serio: i8042 KBD port at 0x60,0x64 irq 1
[    1.407207] serio: i8042 AUX port at 0x60,0x64 irq 12
[    1.409176] mousedev: PS/2 mouse device common for all mice
[    1.413196] input: AT Translated Set 2 keyboard as /devices/platform/i8042/serio0/input/input2
[    1.417405] rtc_cmos rtc_cmos: rtc core: registered rtc_cmos as rtc0
[    1.419347] rtc_cmos rtc_cmos: alarms up to one day, 114 bytes nvram
[    1.421583] i2c /dev entries driver
[    1.422519] device-mapper: uevent: version 1.0.3
[    1.424212] device-mapper: ioctl: 4.37.0-ioctl (2017-09-20) initialised: dm-devel@redhat.com
[    1.426549] ledtrig-cpu: registered to indicate activity on CPUs
[    1.431450] NET: Registered protocol family 10
[    1.438174] Segment Routing with IPv6
[    1.448002] NET: Registered protocol family 17
[    1.455346] Key type dns_resolver registered
[    1.457195] mce: Using 0 MCE banks
[    1.458409] RAS: Correctable Errors collector initialized.
[    1.459927] sched_clock: Marking stable (1457168688, 0)->(1738758037, -281589349)
[    1.465476] registered taskstats version 1
[    1.466714] Loading compiled-in X.509 certificates
[    1.470810] Loaded X.509 cert 'Build time autogenerated kernel key: f0020782f0d3a548186fb3f47aed88387a71e859'
[    1.473649] zswap: loaded using pool lzo/zbud
[    1.481901] Key type big_key registered
[    1.486883] Key type trusted registered
[    1.493790] Key type encrypted registered
[    1.502749] AppArmor: AppArmor sha1 policy hashing enabled
[    1.506277] ima: No TPM chip found, activating TPM-bypass! (rc=-19)
[    1.507884] ima: Allocated hash algorithm: sha1
[    1.509718] evm: HMAC attrs: 0x1
[    1.512838]   Magic number: 12:106:906
[    1.514117] rtc_cmos rtc_cmos: setting system clock to 2020-03-06 22:53:04 UTC (1583535184)
[    1.517168] BIOS EDD facility v0.16 2004-Jun-25, 0 devices found
[    1.518906] EDD information not available.
[    1.536866] Freeing unused kernel image memory: 2428K
[    2.193535] Write protecting the kernel read-only data: 20480k
[    2.199616] Freeing unused kernel image memory: 2008K
[    2.203329] Freeing unused kernel image memory: 1880K
[    2.216664] x86/mm: Checked W+X mappings: passed, no W+X pages found.
[    2.219592] x86/mm: Checking user space page tables
[    2.233246] x86/mm: Checked W+X mappings: passed, no W+X pages found.
Loading, please wait...
starting version 237
[    2.422719] e1000: Intel(R) PRO/1000 Network Driver - version 7.3.21-k8-NAPI
[    2.424686] e1000: Copyright (c) 1999-2006 Intel Corporation.
[    2.427614] Fusion MPT base driver 3.04.20
[    2.433545] Copyright (c) 1999-2008 LSI Corporation
[    2.475918] AVX2 version of gcm_enc/dec engaged.
[    2.477800] AES CTR mode by8 optimization enabled
[    2.508362] Fusion MPT SPI Host driver 3.04.20
[    2.666683] input: ImExPS/2 Generic Explorer Mouse as /devices/platform/i8042/serio1/input/input4
[    2.939698] e1000 0000:00:03.0 eth0: (PCI:33MHz:32-bit) 02:b4:6b:8c:b8:1a
[    2.942317] e1000 0000:00:03.0 eth0: Intel(R) PRO/1000 Network Connection
[    4.154154] e1000 0000:00:08.0 eth1: (PCI:33MHz:32-bit) 08:00:27:57:eb:6c
[    4.157334] e1000 0000:00:08.0 eth1: Intel(R) PRO/1000 Network Connection
[    4.162923] e1000 0000:00:03.0 enp0s3: renamed from eth0
[    4.172425] mptbase: ioc0: Initiating bringup
[    4.184679] e1000 0000:00:08.0 enp0s8: renamed from eth1
[    4.350551] ioc0: LSI53C1030 A0: Capabilities={Initiator}
[    5.373484] scsi host2: ioc0: LSI53C1030 A0, FwRev=00000000h, Ports=1, MaxQ=256, IRQ=20
[    6.265936] scsi 2:0:0:0: Direct-Access     VBOX     HARDDISK         1.0  PQ: 0 ANSI: 5
[    6.300520] scsi target2:0:0: Beginning Domain Validation
[    6.306299] scsi target2:0:0: Domain Validation skipping write tests
[    6.308286] scsi target2:0:0: Ending Domain Validation
[    6.310190] scsi target2:0:0: asynchronous
[    6.313002] scsi 2:0:1:0: Direct-Access     VBOX     HARDDISK         1.0  PQ: 0 ANSI: 5
[    6.344263] scsi target2:0:1: Beginning Domain Validation
[    6.349142] random: fast init done
[    6.352680] scsi target2:0:1: Domain Validation skipping write tests
[    6.356091] scsi target2:0:1: Ending Domain Validation
[    6.358896] scsi target2:0:1: asynchronous
[    6.371421] random: systemd-udevd: uninitialized urandom read (16 bytes read)
[    6.372010] sd 2:0:0:0: Attached scsi generic sg0 type 0
[    6.375016] random: systemd-udevd: uninitialized urandom read (16 bytes read)
[    6.379026] sd 2:0:1:0: Attached scsi generic sg1 type 0
[    6.381650] random: systemd-udevd: uninitialized urandom read (16 bytes read)
[    6.385910] sd 2:0:0:0: [sda] 20971520 512-byte logical blocks: (10.7 GB/10.0 GiB)
[    6.388104] sd 2:0:1:0: [sdb] 20480 512-byte logical blocks: (10.5 MB/10.0 MiB)
[    6.390188] sd 2:0:1:0: [sdb] Write Protect is off
[    6.391438] sd 2:0:0:0: [sda] Write Protect is off
[    6.393788] sd 2:0:1:0: [sdb] Incomplete mode parameter data
[    6.396419] sd 2:0:0:0: [sda] Incomplete mode parameter data
[    6.396901] sd 2:0:1:0: [sdb] Assuming drive cache: write through
[    6.399857] sd 2:0:0:0: [sda] Assuming drive cache: write through
[    6.410735]  sda: sda1
[    6.414720] sd 2:0:1:0: [sdb] Attached SCSI disk
[    6.416087] sd 2:0:0:0: [sda] Attached SCSI disk
Begin: Loading essential drivers ... [    8.200291] raid6: sse2x1   gen()  3557 MB/s
[    8.248264] raid6: sse2x1   xor()  1286 MB/s
[    8.300579] raid6: sse2x2   gen()  2237 MB/s
[    8.348539] raid6: sse2x2   xor()  2491 MB/s
[    8.396178] raid6: sse2x4   gen()  5287 MB/s
[    8.444326] raid6: sse2x4   xor()  5125 MB/s
[    8.492141] raid6: avx2x1   gen() 14822 MB/s
[    8.540446] raid6: avx2x1   xor()  8869 MB/s
[    8.588518] raid6: avx2x2   gen() 12920 MB/s
[    8.636601] raid6: avx2x2   xor()  7163 MB/s
[    8.684415] raid6: avx2x4   gen() 16741 MB/s
[    8.732363] raid6: avx2x4   xor() 11016 MB/s
[    8.734769] raid6: using algorithm avx2x4 gen() 16741 MB/s
[    8.737326] raid6: .... xor() 11016 MB/s, rmw enabled
[    8.739985] raid6: using avx2x2 recovery algorithm
[    8.745308] xor: automatically using best checksumming function   avx       
[    8.752722] async_tx: api initialized (async)
done.
Begin: Running /scripts/init-premount ... done.
Begin: Mounting root file system ... Begin: Running /scripts/local-top ... done.
Begin: Running /scripts/local-premount ... [    8.839435] Btrfs loaded, crc32c=crc32c-intel
Scanning for Btrfs filesystems
done.
Warning: fsck not present, so skipping root file system
[    8.889909] EXT4-fs (sda1): mounted filesystem with ordered data mode. Opts: (null)
done.
Begin: Running /scripts/local-bottom ... done.
Begin: Running /scripts/init-bottom ... done.
[    9.194674] ip_tables: (C) 2000-2006 Netfilter Core Team
[    9.216054] systemd[1]: systemd 237 running in system mode. (+PAM +AUDIT +SELINUX +IMA +APPARMOR +SMACK +SYSVINIT +UTMP +LIBCRYPTSETUP +GCRYPT +GNUTLS +ACL +XZ +LZ4 +SECCOMP +BLKID +ELFUTILS +KMOD -IDN2 +IDN -PCRE2 default-hierarchy=hybrid)
[    9.222586] systemd[1]: Detected virtualization oracle.
[    9.224467] systemd[1]: Detected architecture x86-64.

Welcome to [1mUbuntu 18.04.4 LTS[0m!

[    9.239504] systemd[1]: Set hostname to <ubuntu-bionic>.
[    9.922317] systemd[1]: Reached target User and Group Name Lookups.
[[0;32m  OK  [0m] Reached target User and Group Name Lookups.
[    9.926166] systemd[1]: Set up automount Arbitrary Executable File Formats File System Automount Point.
[[0;32m  OK  [0m] Set up automount Arbitrary Executabâ€¦rmats File System Automount Point.
[    9.939608] systemd[1]: Created slice System Slice.
[[0;32m  OK  [0m] Created slice System Slice.
[    9.944315] systemd[1]: Listening on LVM2 metadata daemon socket.
[[0;32m  OK  [0m] Listening on LVM2 metadata daemon socket.
[    9.949927] systemd[1]: Listening on Journal Socket.
[[0;32m  OK  [0m] Listening on Journal Socket.
[    9.956424] systemd[1]: Starting Set the console keyboard layout...
         Starting Set the console keyboard layout...
         Starting Load Kernel Modules...
         Mounting Huge Pages File System...
[[0;32m  OK  [0m] Listening on Journal Audit Socket.
         Mounting POSIX Message Queue File System...
         Starting Uncomplicated firewall...
[[0;32m  OK  [0m] Listening on Device-mapper event daemon FIFOs.
         Starting Monitoring of LVM2 mirrorsâ€¦ng dmeventd or progress polling...
[[0;32m  OK  [0m] Reached target System Time Synchronized.
[[0;32m  OK  [0m] Listening on /dev/initctl Compatibility Named Pipe.
[[0;32m  OK  [0m] Started Forward Password Requests to Wall Directory Watch.
[[0;32m  OK  [0m] Listening on udev Kernel Socket.
[[0;32m  OK  [0m] Listening on LVM2 poll daemon socket.
[   10.019812] Loading iSCSI transport class v2.0-870.
[[0;32m  OK  [0m] Created slice User and Session Slice.
         Mounting Kernel Debug File System...
         Starting Remount Root and Kernel File Systems...
[[0;32m  OK  [0m] Created slice system-serial\x2dgetty.slice.
[[0;32m  OK  [0m] Listening on Journal Socket (/dev/log).
         Starting Create list of required stâ€¦ce nodes for the current kernel...
[[0;32m  OK  [0m] Reached target Slices.
[[0;32m  OK  [0m] Listening on Syslog Socket.
         Starting Journal Service...
[[0;32m  OK  [0m] Reached target Swap.
[[0;32m  OK  [0m] Listening on udev Control Socket.
         Starting udev Coldplug all Devices...
[[0;32m  OK  [0m] Listening on Network Service Netlink Socket.
[[0;32m  OK  [0m] Mounted Huge Pages File System.
[[0;32m  OK  [0m] Mounted POSIX Message Queue File System.
[[0;32m  OK  [0m] Started Uncomplicated firewall.
[   10.126568] iscsi: registered transport (tcp)
[[0;32m  OK  [0m] Mounted Kernel Debug File System.
[[0;32m  OK  [0m] Started LVM2 metadata daemon.
[[0;32m  OK  [0m] Started Create list of required staâ€¦vice nodes for the current kernel.
         Starting Create Static Device Nodes in /dev...
[   10.182702] EXT4-fs (sda1): re-mounted. Opts: (null)
[[0;32m  OK  [0m] Started Remount Root and Kernel File Systems.
[   10.264699] iscsi: registered transport (iser)
         Starting Load/Save Random Seed...
[[0;32m  OK  [0m] Started Journal Service.
[[0;32m  OK  [0m] Started Load Kernel Modules.
[[0;32m  OK  [0m] Started Monitoring of LVM2 mirrors,â€¦sing dmeventd or progress polling.
         Mounting Kernel Configuration File System...
         Mounting FUSE Control File System...
         Starting Apply Kernel Variables...
         Starting Flush Journal to Persistent Storage...
[[0;32m  OK  [0m] Mounted Kernel Configuration File System.
[[0;32m  OK  [0m] Mounted FUSE Control File System.
[[0;32m  OK  [0m] Started Create Static Device Nodes in /dev.
         Starting udev Kernel Device Manager...
[[0;32m  OK  [0m] Started Load/Save Random Seed.
[   10.357419] systemd-journald[430]: Received request to flush runtime journal from PID 1
[[0;32m  OK  [0m] Started udev Coldplug all Devices.
[[0;32m  OK  [0m] Started udev Kernel Device Manager.
[[0;32m  OK  [0m] Started Apply Kernel Variables.
[[0;32m  OK  [0m] Started Flush Journal to Persistent Storage.
[[0;32m  OK  [0m] Found device /dev/ttyS0.
[[0;32m  OK  [0m] Listening on Load/Save RF Kill Switch Status /dev/rfkill Watch.
[[0;32m  OK  [0m] Started Set the console keyboard layout.
[[0;32m  OK  [0m] Started Dispatch Password Requests to Console Directory Watch.
[[0;32m  OK  [0m] Reached target Local Encrypted Volumes.
[[0;32m  OK  [0m] Reached target Local File Systems (Pre).
[[0;32m  OK  [0m] Reached target Local File Systems.
         Starting Create Volatile Files and Directories...
         Starting Tell Plymouth To Write Out Runtime Data...
         Starting AppArmor initialization...
         Starting ebtables ruleset management...
         Starting Set console font and keymap...
[[0;32m  OK  [0m] Started Tell Plymouth To Write Out Runtime Data.
[[0;32m  OK  [0m] Started Set console font and keymap.
[[0;32m  OK  [0m] Started Create Volatile Files and Directories.
         Starting Update UTMP about System Boot/Shutdown...
[[0;32m  OK  [0m] Started Update UTMP about System Boot/Shutdown.
[[0;32m  OK  [0m] Started ebtables ruleset management.
[[0;32m  OK  [0m] Started AppArmor initialization.
         Starting Initial cloud-init job (pre-networking)...
[   14.474903] cloud-init[677]: Cloud-init v. 19.4-33-gbb4131a2-0ubuntu1~18.04.1 running 'init-local' at Fri, 06 Mar 2020 22:53:17 +0000. Up 14.09 seconds.
[[0;32m  OK  [0m] Started Initial cloud-init job (pre-networking).
[[0;32m  OK  [0m] Reached target Network (Pre).
         Starting Network Service...
[[0;32m  OK  [0m] Started Network Service.
         Starting Network Name Resolution...
         Starting Wait for Network to be Configured...
[[0;32m  OK  [0m] Started Network Name Resolution.
[[0;32m  OK  [0m] Reached target Network.
[[0;32m  OK  [0m] Reached target Host and Network Name Lookups.
[[0;32m  OK  [0m] Started Wait for Network to be Configured.
         Starting Initial cloud-init job (metadata service crawler)...
[   18.328163] cloud-init[789]: Cloud-init v. 19.4-33-gbb4131a2-0ubuntu1~18.04.1 running 'init' at Fri, 06 Mar 2020 22:53:20 +0000. Up 17.91 seconds.
[   18.334233] cloud-init[789]: ci-info: ++++++++++++++++++++++++++++++++++++++Net device info+++++++++++++++++++++++++++++++++++++++
[   18.338433] cloud-init[789]: ci-info: +--------+------+-----------------------------+---------------+--------+-------------------+
[   18.342973] cloud-init[789]: ci-info: | Device |  Up  |           Address           |      Mask     | Scope  |     Hw-Address    |
[   18.348373] cloud-init[789]: ci-info: +--------+------+-----------------------------+---------------+--------+-------------------+
[   18.352864] cloud-init[789]: ci-info: | enp0s3 | True |          10.0.2.15          | 255.255.255.0 | global | 02:b4:6b:8c:b8:1a |
[   18.358229] cloud-init[789]: ci-info: | enp0s3 | True |  fe80::b4:6bff:fe8c:b81a/64 |       .       |  link  | 02:b4:6b:8c:b8:1a |
[   18.368613] cloud-init[789]: ci-info: | enp0s8 | True |        192.168.33.10        | 255.255.255.0 | global | 08:00:27:57:eb:6c |
[   18.376893] cloud-init[789]: ci-info: | enp0s8 | True | fe80::a00:27ff:fe57:eb6c/64 |       .       |  link  | 08:00:27:57:eb:6c |
[   18.379897] cloud-init[789]: ci-info: |   lo   | True |          127.0.0.1          |   255.0.0.0   |  host  |         .         |
[   18.383691] cloud-init[789]: ci-info: |   lo   | True |           ::1/128           |       .       |  host  |         .         |
[   18.392464] cloud-init[789]: ci-info: +--------+------+-----------------------------+---------------+--------+-------------------+
[   18.395935] cloud-init[789]: ci-info: +++++++++++++++++++++++++++++Route IPv4 info+++++++++++++++++++++++++++++
[   18.401168] cloud-init[789]: ci-info: +-------+--------------+----------+-----------------+-----------+-------+
[   18.404993] cloud-init[789]: ci-info: | Route | Destination  | Gateway  |     Genmask     | Interface | Flags |
[   18.410190] cloud-init[789]: ci-info: +-------+--------------+----------+-----------------+-----------+-------+
[   18.414126] cloud-init[789]: ci-info: |   0   |   0.0.0.0    | 10.0.2.2 |     0.0.0.0     |   enp0s3  |   UG  |
[   18.420097] cloud-init[789]: ci-info: |   1   |   10.0.2.0   | 0.0.0.0  |  255.255.255.0  |   enp0s3  |   U   |
[   18.423896] cloud-init[789]: ci-info: |   2   |   10.0.2.2   | 0.0.0.0  | 255.255.255.255 |   enp0s3  |   UH  |
[   18.431943] cloud-init[789]: ci-info: |   3   | 192.168.33.0 | 0.0.0.0  |  255.255.255.0  |   enp0s8  |   U   |
[   18.438243] cloud-init[789]: ci-info: +-------+--------------+----------+-----------------+-----------+-------+
[   18.441675] cloud-init[789]: ci-info: +++++++++++++++++++Route IPv6 info+++++++++++++++++++
[   18.446085] cloud-init[789]: ci-info: +-------+-------------+---------+-----------+-------+
[   18.450663] cloud-init[789]: ci-info: | Route | Destination | Gateway | Interface | Flags |
[   18.455549] cloud-init[789]: ci-info: +-------+-------------+---------+-----------+-------+
[   18.467946] cloud-init[789]: ci-info: |   1   |  fe80::/64  |    ::   |   enp0s8  |   U   |
[   18.475723] cloud-init[789]: ci-info: |   2   |  fe80::/64  |    ::   |   enp0s3  |   U   |
[   18.482480] cloud-init[789]: ci-info: |   4   |    local    |    ::   |   enp0s3  |   U   |
[   18.490681] cloud-init[789]: ci-info: |   5   |    local    |    ::   |   enp0s8  |   U   |
[   18.497176] cloud-init[789]: ci-info: |   6   |   ff00::/8  |    ::   |   enp0s8  |   U   |
[   18.509152] cloud-init[789]: ci-info: |   7   |   ff00::/8  |    ::   |   enp0s3  |   U   |
[   18.518408] cloud-init[789]: ci-info: +-------+-------------+---------+-----------+-------+
[[0;32m  OK  [0m] Started Initial cloud-init job (metadata service crawler).
[[0;32m  OK  [0m] Reached target Cloud-config availability.
[[0;32m  OK  [0m] Reached target System Initialization.
         Starting LXD - unix socket.
[[0;32m  OK  [0m] Listening on Open-iSCSI iscsid Socket.
         Starting Socket activation for snappy daemon.
[[0;32m  OK  [0m] Started Daily Cleanup of Temporary Directories.
[[0;32m  OK  [0m] Listening on ACPID Listen Socket.
[[0;32m  OK  [0m] Started Daily apt download activities.
[[0;32m  OK  [0m] Started ACPI Events Check.
[[0;32m  OK  [0m] Reached target Paths.
[[0;32m  OK  [0m] Listening on UUID daemon activation socket.
[[0;32m  OK  [0m] Started Discard unused blocks once a week.
[[0;32m  OK  [0m] Started Daily apt upgrade and clean activities.
[[0;32m  OK  [0m] Started Message of the Day.
[[0;32m  OK  [0m] Reached target Timers.
[[0;32m  OK  [0m] Listening on D-Bus System Message Bus Socket.
[[0;32m  OK  [0m] Reached target Network is Online.
         Starting Availability of block devices...
[[0;32m  OK  [0m] Reached target Remote File Systems (Pre).
[[0;32m  OK  [0m] Reached target Remote File Systems.
[[0;32m  OK  [0m] Listening on LXD - unix socket.
[[0;32m  OK  [0m] Listening on Socket activation for snappy daemon.
[[0;32m  OK  [0m] Started Availability of block devices.
[[0;32m  OK  [0m] Reached target Sockets.
[[0;32m  OK  [0m] Reached target Basic System.
         Starting vboxadd.service...
         Starting Snappy daemon...
[[0;32m  OK  [0m] Started Deferred execution scheduler.
[[0;32m  OK  [0m] Started Regular background program processing daemon.
         Starting Permit User Sessions...
[[0;32m  OK  [0m] Started FUSE filesystem for LXC.
         Starting Login Service...
         Starting LSB: Record successful boot for GRUB...
         Starting Accounts Service...
[[0;32m  OK  [0m] Started irqbalance daemon.
         Starting OpenBSD Secure Shell server...
[[0;32m  OK  [0m] Started D-Bus System Message Bus.
[[0;32m  OK  [0m] Started Login Service.
         Starting Message of the Day...
[[0;32m  OK  [0m] Started Unattended Upgrades Shutdown.
         Starting LSB: automatic crash report generation...
         Starting Dispatcher daemon for systemd-networkd...
         Starting LXD - container startup/shutdown...
         Starting System Logging Service...
[[0;32m  OK  [0m] Started Permit User Sessions.
         Starting Authorization Manager...
         Starting Terminate Plymouth Boot Screen...
         Starting Hold until boot process finishes up...
[[0;32m  OK  [0m] Started OpenBSD Secure Shell server.
[[0;32m  OK  [0m] Started Hold until boot process finishes up.
[[0;32m  OK  [0m] Started Serial Getty on ttyS0.
         Starting Set console scheme...
[[0;32m  OK  [0m] Started Terminate Plymouth Boot Screen.
[[0;32m  OK  [0m] Started Set console scheme.
[[0;32m  OK  [0m] Started System Logging Service.
[[0;32m  OK  [0m] Created slice system-getty.slice.
[[0;32m  OK  [0m] Started Getty on tty1.
[[0;32m  OK  [0m] Reached target Login Prompts.
[[0;32m  OK  [0m] Started Authorization Manager.
[[0;32m  OK  [0m] Started Accounts Service.
[[0;32m  OK  [0m] Started Snappy daemon.
[[0;32m  OK  [0m] Started LSB: automatic crash report generation.
         Starting Wait until snapd is fully seeded...
[[0;32m  OK  [0m] Started LSB: Record successful boot for GRUB.
[[0;32m  OK  [0m] Started Wait until snapd is fully seeded.
         Starting Apply the settings specified in cloud-config...
[[0;32m  OK  [0m] Started LXD - container startup/shutdown.
[[0;32m  OK  [0m] Created slice User Slice of vagrant.
         Starting User Manager for UID 1000...
[[0;32m  OK  [0m] Started Session 1 of user vagrant.
[[0;32m  OK  [0m] Started Dispatcher daemon for systemd-networkd.
[[0;32m  OK  [0m] Started User Manager for UID 1000.
[[0;32m  OK  [0m] Started vboxadd.service.
         Starting vboxadd-service.service...
[   25.115172] cloud-init[1078]: Cloud-init v. 19.4-33-gbb4131a2-0ubuntu1~18.04.1 running 'modules:config' at Fri, 06 Mar 2020 22:53:27 +0000. Up 24.33 seconds.

Ubuntu 18.04.4 LTS ubuntu-bionic ttyS0

ubuntu-bionic login: [   27.183228] cloud-init[1253]: Cloud-init v. 19.4-33-gbb4131a2-0ubuntu1~18.04.1 running 'modules:final' at Fri, 06 Mar 2020 22:53:29 +0000. Up 26.70 seconds.
[   27.188096] cloud-init[1253]: Cloud-init v. 19.4-33-gbb4131a2-0ubuntu1~18.04.1 finished at Fri, 06 Mar 2020 22:53:30 +0000. Datasource DataSourceNoCloud [seed=/dev/sdb][dsmode=net].  Up 27.13 seconds
         Stopping Availability of block devices...
[[0;32m  OK  [0m] Stopped target Cloud-init target.
[[0;32m  OK  [0m] Stopped target Host and Network Name Lookups.
         Stopping Authorization Manager...
         Stopping Session 10 of user vagrant.
[[0;32m  OK  [0m] Stopped Execute cloud user/final scripts.
[[0;32m  OK  [0m] Stopped target Timers.
[[0;32m  OK  [0m] Stopped Discard unused blocks once a week.
[[0;32m  OK  [0m] Stopped Message of the Day.
[[0;32m  OK  [0m] Stopped Daily apt upgrade and clean activities.
[[0;32m  OK  [0m] Stopped Daily apt download activities.
[[0;32m  OK  [0m] Stopped target System Time Synchronized.
         Stopping User Manager for UID 1000...
[[0;32m  OK  [0m] Closed Load/Save RF Kill Switch Status /dev/rfkill Watch.
[[0;32m  OK  [0m] Stopped target Graphical Interface.
[[0;32m  OK  [0m] Stopped target Multi-User System.
         Stopping OpenBSD Secure Shell server...
         Stopping D-Bus System Message Bus...
         Stopping FUSE filesystem for LXC...
         Stopping Regular background program processing daemon...
[[0;32m  OK  [0m] Stopped target Login Prompts.
         Stopping Serial Getty on ttyS0...
         Stopping Dispatcher daemon for systemd-networkd...
         Stopping System Logging Service...
         Stopping Unattended Upgrades Shutdown...
         Stopping irqbalance daemon...
         Stopping Deferred execution scheduler...
         Stopping vboxadd-service.service...
         Stopping Accounts Service...
         Stopping LSB: automatic crash report generation...
[[0;32m  OK  [0m] Stopped Daily Cleanup of Temporary Directories.
         Stopping LXD - container startup/shutdown...
         Stopping Getty on tty1...
[[0;32m  OK  [0m] Stopped Apply the settings specified in cloud-config.
[[0;32m  OK  [0m] Stopped Wait until snapd is fully seeded.
[[0;32m  OK  [0m] Stopped target Cloud-config availability.
[[0;32m  OK  [0m] Stopped target Network is Online.
         Stopping LSB: Record successful boot for GRUB...
[[0;32m  OK  [0m] Unmounted /var/lib/lxcfs.
[[0;32m  OK  [0m] Stopped Deferred execution scheduler.
[[0;32m  OK  [0m] Stopped Regular background program processing daemon.
[[0;32m  OK  [0m] Stopped Accounts Service.
[[0;32m  OK  [0m] Stopped irqbalance daemon.
[[0;32m  OK  [0m] Stopped Dispatcher daemon for systemd-networkd.
[[0;32m  OK  [0m] Stopped System Logging Service.
[[0;32m  OK  [0m] Stopped OpenBSD Secure Shell server.
[[0;32m  OK  [0m] Stopped Authorization Manager.
[[0;32m  OK  [0m] Stopped Serial Getty on ttyS0.
[[0;32m  OK  [0m] Stopped Getty on tty1.
[[0;32m  OK  [0m] Stopped User Manager for UID 1000.
[[0;32m  OK  [0m] Stopped Availability of block devices.
[[0;32m  OK  [0m] Stopped D-Bus System Message Bus.
[[0;32m  OK  [0m] Stopped FUSE filesystem for LXC.
[[0;32m  OK  [0m] Stopped Session 10 of user vagrant.
[[0;32m  OK  [0m] Stopped Unattended Upgrades Shutdown.
[[0;32m  OK  [0m] Removed slice User Slice of vagrant.
         Stopping Login Service...
[[0;32m  OK  [0m] Removed slice system-getty.slice.
[[0;32m  OK  [0m] Removed slice system-serial\x2dgetty.slice.
         Stopping Permit User Sessions...
[[0;32m  OK  [0m] Stopped LSB: automatic crash report generation.
[[0;32m  OK  [0m] Stopped LXD - container startup/shutdown.
[[0;32m  OK  [0m] Stopped LSB: Record successful boot for GRUB.
[[0;32m  OK  [0m] Stopped Permit User Sessions.
[[0;32m  OK  [0m] Stopped target Network.
         Stopping Network Name Resolution...
[[0;32m  OK  [0m] Stopped target Remote File Systems.
[[0;32m  OK  [0m] Stopped target Remote File Systems (Pre).
[[0;32m  OK  [0m] Stopped vboxadd-service.service.
         Stopping vboxadd.service...
[[0;32m  OK  [0m] Stopped Login Service.
[[0;32m  OK  [0m] Stopped target User and Group Name Lookups.
[[0;32m  OK  [0m] Stopped Network Name Resolution.
         Stopping Network Service...
[[0;32m  OK  [0m] Stopped Network Service.
[[0;32m  OK  [0m] Stopped target Network (Pre).
[[0;32m  OK  [0m] Unmounted /vagrant.
[[0;32m  OK  [0m] Stopped vboxadd.service.
[[0;32m  OK  [0m] Stopped target Basic System.
[[0;32m  OK  [0m] Stopped target Paths.
[[0;32m  OK  [0m] Stopped ACPI Events Check.
[[0;32m  OK  [0m] Stopped target Slices.
[[0;32m  OK  [0m] Removed slice User and Session Slice.
[[0;32m  OK  [0m] Stopped target Sockets.
[[0;32m  OK  [0m] Closed ACPID Listen Socket.
[[0;32m  OK  [0m] Closed Open-iSCSI iscsid Socket.
[[0;32m  OK  [0m] Closed LXD - unix socket.
[[0;32m  OK  [0m] Closed Socket activation for snappy daemon.
[[0;32m  OK  [0m] Closed D-Bus System Message Bus Socket.
[[0;32m  OK  [0m] Closed Syslog Socket.
[[0;32m  OK  [0m] Closed UUID daemon activation socket.
[[0;32m  OK  [0m] Stopped target System Initialization.
[[0;32m  OK  [0m] Stopped target Local Encrypted Volumes.
[[0;32m  OK  [0m] Stopped Dispatch Password Requests to Console Directory Watch.
[[0;32m  OK  [0m] Stopped Forward Password Requests to Wall Directory Watch.
         Stopping Load/Save Random Seed...
[[0;32m  OK  [0m] Stopped Apply Kernel Variables.
[[0;32m  OK  [0m] Stopped Load Kernel Modules.
         Stopping Update UTMP about System Boot/Shutdown...
[[0;32m  OK  [0m] Stopped Initial cloud-init job (metadata service crawler).
[[0;32m  OK  [0m] Stopped Initial cloud-init job (pre-networking).
[[0;32m  OK  [0m] Stopped Load/Save Random Seed.
[[0;32m  OK  [0m] Stopped Update UTMP about System Boot/Shutdown.
[[0;32m  OK  [0m] Stopped Create Volatile Files and Directories.
[[0;32m  OK  [0m] Stopped target Local File Systems.
         Unmounting /run/user/1000...
[[0;32m  OK  [0m] Unmounted /run/user/1000.
[[0;32m  OK  [0m] Reached target Unmount All Filesystems.
[[0;32m  OK  [0m] Stopped target Local File Systems (Pre).
[[0;32m  OK  [0m] Stopped Create Static Device Nodes in /dev.
[[0;32m  OK  [0m] Stopped Remount Root and Kernel File Systems.
         Stopping Monitoring of LVM2 mirrorsâ€¦ng dmeventd or progress polling...
[[0;32m  OK  [0m] Stopped target Swap.
[[0;32m  OK  [0m] Reached target Shutdown.
[[0;32m  OK  [0m] Reached target Final Step.
         Starting Power-Off...
[[0;32m  OK  [0m] Stopped Monitoring of LVM2 mirrors,â€¦sing dmeventd or progress polling.
         Stopping LVM2 metadata daemon...
[[0;32m  OK  [0m] Stopped LVM2 metadata daemon.
[13511.373146] reboot: Power down
